// Jest Snapshot v1, https://goo.gl/fbAQLP

exports[`Logo renders correctly 1`] = `
<div
  className="flex flex-row items-center justify-center sm:justify-start"
  onClick={[Function]}
  onMouseEnter={[Function]}
>
  <span>
    ФОНД ПОДДЕРЖКИ
    <br />
    ХРИСТИАНСКОЙ КУЛЬТУРЫ
    <br />
    И НАСЛЕДИЯ
  </span>
</div>
`;
