// Jest Snapshot v1, https://goo.gl/fbAQLP

exports[`Logo renders correctly 1`] = `
<div
  className="flex flex-row items-center"
  onClick={[Function]}
  onMouseEnter={[Function]}
>
  <img
    alt="Workflow"
    className="hidden lg:block h-10 w-auto"
    src="test-file-stub"
  />
  <img
    alt="Workflow"
    className="block lg:hidden h-10 w-auto"
    src="test-file-stub"
  />
</div>
`;
